Archive member included because of file (symbol)

c:/program files (x86)/atmel/atmel toolchain/avr8 gcc/native/3.4.1061/avr8-gnu-toolchain/bin/../lib/gcc/avr/4.8.1/../../../../avr/lib/avr5\libm.a(addsf3.o)
                              UV.o (__subsf3)
c:/program files (x86)/atmel/atmel toolchain/avr8 gcc/native/3.4.1061/avr8-gnu-toolchain/bin/../lib/gcc/avr/4.8.1/../../../../avr/lib/avr5\libm.a(addsf3x.o)
                              c:/program files (x86)/atmel/atmel toolchain/avr8 gcc/native/3.4.1061/avr8-gnu-toolchain/bin/../lib/gcc/avr/4.8.1/../../../../avr/lib/avr5\libm.a(addsf3.o) (__addsf3x)
c:/program files (x86)/atmel/atmel toolchain/avr8 gcc/native/3.4.1061/avr8-gnu-toolchain/bin/../lib/gcc/avr/4.8.1/../../../../avr/lib/avr5\libm.a(cmpsf2.o)
                              UV.o (__ltsf2)
c:/program files (x86)/atmel/atmel toolchain/avr8 gcc/native/3.4.1061/avr8-gnu-toolchain/bin/../lib/gcc/avr/4.8.1/../../../../avr/lib/avr5\libm.a(divsf3.o)
                              UV.o (__divsf3)
c:/program files (x86)/atmel/atmel toolchain/avr8 gcc/native/3.4.1061/avr8-gnu-toolchain/bin/../lib/gcc/avr/4.8.1/../../../../avr/lib/avr5\libm.a(divsf3x.o)
                              c:/program files (x86)/atmel/atmel toolchain/avr8 gcc/native/3.4.1061/avr8-gnu-toolchain/bin/../lib/gcc/avr/4.8.1/../../../../avr/lib/avr5\libm.a(divsf3.o) (__divsf3x)
c:/program files (x86)/atmel/atmel toolchain/avr8 gcc/native/3.4.1061/avr8-gnu-toolchain/bin/../lib/gcc/avr/4.8.1/../../../../avr/lib/avr5\libm.a(fixsfsi.o)
                              UV.o (__fixsfsi)
c:/program files (x86)/atmel/atmel toolchain/avr8 gcc/native/3.4.1061/avr8-gnu-toolchain/bin/../lib/gcc/avr/4.8.1/../../../../avr/lib/avr5\libm.a(fixunssfsi.o)
                              UV.o (__fixunssfsi)
c:/program files (x86)/atmel/atmel toolchain/avr8 gcc/native/3.4.1061/avr8-gnu-toolchain/bin/../lib/gcc/avr/4.8.1/../../../../avr/lib/avr5\libm.a(floatsisf.o)
                              UV.o (__floatunsisf)
c:/program files (x86)/atmel/atmel toolchain/avr8 gcc/native/3.4.1061/avr8-gnu-toolchain/bin/../lib/gcc/avr/4.8.1/../../../../avr/lib/avr5\libm.a(fp_cmp.o)
                              c:/program files (x86)/atmel/atmel toolchain/avr8 gcc/native/3.4.1061/avr8-gnu-toolchain/bin/../lib/gcc/avr/4.8.1/../../../../avr/lib/avr5\libm.a(cmpsf2.o) (__fp_cmp)
c:/program files (x86)/atmel/atmel toolchain/avr8 gcc/native/3.4.1061/avr8-gnu-toolchain/bin/../lib/gcc/avr/4.8.1/../../../../avr/lib/avr5\libm.a(fp_inf.o)
                              c:/program files (x86)/atmel/atmel toolchain/avr8 gcc/native/3.4.1061/avr8-gnu-toolchain/bin/../lib/gcc/avr/4.8.1/../../../../avr/lib/avr5\libm.a(addsf3x.o) (__fp_inf)
c:/program files (x86)/atmel/atmel toolchain/avr8 gcc/native/3.4.1061/avr8-gnu-toolchain/bin/../lib/gcc/avr/4.8.1/../../../../avr/lib/avr5\libm.a(fp_nan.o)
                              c:/program files (x86)/atmel/atmel toolchain/avr8 gcc/native/3.4.1061/avr8-gnu-toolchain/bin/../lib/gcc/avr/4.8.1/../../../../avr/lib/avr5\libm.a(addsf3x.o) (__fp_nan)
c:/program files (x86)/atmel/atmel toolchain/avr8 gcc/native/3.4.1061/avr8-gnu-toolchain/bin/../lib/gcc/avr/4.8.1/../../../../avr/lib/avr5\libm.a(fp_pscA.o)
                              c:/program files (x86)/atmel/atmel toolchain/avr8 gcc/native/3.4.1061/avr8-gnu-toolchain/bin/../lib/gcc/avr/4.8.1/../../../../avr/lib/avr5\libm.a(addsf3x.o) (__fp_pscA)
c:/program files (x86)/atmel/atmel toolchain/avr8 gcc/native/3.4.1061/avr8-gnu-toolchain/bin/../lib/gcc/avr/4.8.1/../../../../avr/lib/avr5\libm.a(fp_pscB.o)
                              c:/program files (x86)/atmel/atmel toolchain/avr8 gcc/native/3.4.1061/avr8-gnu-toolchain/bin/../lib/gcc/avr/4.8.1/../../../../avr/lib/avr5\libm.a(addsf3x.o) (__fp_pscB)
c:/program files (x86)/atmel/atmel toolchain/avr8 gcc/native/3.4.1061/avr8-gnu-toolchain/bin/../lib/gcc/avr/4.8.1/../../../../avr/lib/avr5\libm.a(fp_round.o)
                              c:/program files (x86)/atmel/atmel toolchain/avr8 gcc/native/3.4.1061/avr8-gnu-toolchain/bin/../lib/gcc/avr/4.8.1/../../../../avr/lib/avr5\libm.a(addsf3.o) (__fp_round)
c:/program files (x86)/atmel/atmel toolchain/avr8 gcc/native/3.4.1061/avr8-gnu-toolchain/bin/../lib/gcc/avr/4.8.1/../../../../avr/lib/avr5\libm.a(fp_split3.o)
                              c:/program files (x86)/atmel/atmel toolchain/avr8 gcc/native/3.4.1061/avr8-gnu-toolchain/bin/../lib/gcc/avr/4.8.1/../../../../avr/lib/avr5\libm.a(addsf3x.o) (__fp_split3)
c:/program files (x86)/atmel/atmel toolchain/avr8 gcc/native/3.4.1061/avr8-gnu-toolchain/bin/../lib/gcc/avr/4.8.1/../../../../avr/lib/avr5\libm.a(fp_zero.o)
                              c:/program files (x86)/atmel/atmel toolchain/avr8 gcc/native/3.4.1061/avr8-gnu-toolchain/bin/../lib/gcc/avr/4.8.1/../../../../avr/lib/avr5\libm.a(addsf3x.o) (__fp_zero)
c:/program files (x86)/atmel/atmel toolchain/avr8 gcc/native/3.4.1061/avr8-gnu-toolchain/bin/../lib/gcc/avr/4.8.1/../../../../avr/lib/avr5\libm.a(gesf2.o)
[...]
Memory Configuration

Name             Origin             Length             Attributes
text             0x00000000         0x00020000         xr
data             0x00800060         0x0000ffa0         rw !x
eeprom           0x00810000         0x00010000         rw !x
fuse             0x00820000         0x00000400         rw !x
lock             0x00830000         0x00000400         rw !x
signature        0x00840000         0x00000400         rw !x
user_signatures  0x00850000         0x00000400         rw !x
*default*        0x00000000         0xffffffff

Linker script and memory map

Address of section .data set to 0x800100
LOAD c:/program files (x86)/atmel/atmel toolchain/avr8 gcc/native/3.4.1061/avr8-gnu-toolchain/bin/../lib/gcc/avr/4.8.1/../../../../avr/lib/avr5/crtm328p.o
LOAD UV.o
START GROUP
LOAD c:/program files (x86)/atmel/atmel toolchain/avr8 gcc/native/3.4.1061/avr8-gnu-toolchain/bin/../lib/gcc/avr/4.8.1/../../../../avr/lib/avr5\libm.a
LOAD ../../U8g/Debug\libU8g.a
END GROUP
LOAD c:/program files (x86)/atmel/atmel toolchain/avr8 gcc/native/3.4.1061/avr8-gnu-toolchain/bin/../lib/gcc/avr/4.8.1/avr5\libgcc.a
LOAD c:/program files (x86)/atmel/atmel toolchain/avr8 gcc/native/3.4.1061/avr8-gnu-toolchain/bin/../lib/gcc/avr/4.8.1/../../../../avr/lib/avr5\libm.a
START GROUP
LOAD c:/program files (x86)/atmel/atmel toolchain/avr8 gcc/native/3.4.1061/avr8-gnu-toolchain/bin/../lib/gcc/avr/4.8.1/avr5\libgcc.a
LOAD c:/program files (x86)/atmel/atmel toolchain/avr8 gcc/native/3.4.1061/avr8-gnu-toolchain/bin/../lib/gcc/avr/4.8.1/../../../../avr/lib/avr5\libm.a
LOAD c:/program files (x86)/atmel/atmel toolchain/avr8 gcc/native/3.4.1061/avr8-gnu-toolchain/bin/../lib/gcc/avr/4.8.1/../../../../avr/lib/avr5\libc.a
END GROUP

.hash
 *(.hash)

.dynsym
 *(.dynsym)

.dynstr
 *(.dynstr)

.gnu.version
 *(.gnu.version)

.gnu.version_d
 *(.gnu.version_d)

.gnu.version_r
 *(.gnu.version_r)

.rel.init
 *(.rel.init)

.rela.init
 *(.rela.init)

.rel.text
 *(.rel.text)
 *(.rel.text.*)
 *(.rel.gnu.linkonce.t*)

.rela.text
 *(.rela.text)
 *(.rela.text.*)
 *(.rela.gnu.linkonce.t*)

.rel.fini
 *(.rel.fini)

.rela.fini
 *(.rela.fini)

.rel.rodata
 *(.rel.rodata)
 *(.rel.rodata.*)
 *(.rel.gnu.linkonce.r*)

.rela.rodata
 *(.rela.rodata)
 *(.rela.rodata.*)
 *(.rela.gnu.linkonce.r*)

.rel.data
 *(.rel.data)
 *(.rel.data.*)
 *(.rel.gnu.linkonce.d*)

.rela.data
 *(.rela.data)
 *(.rela.data.*)
 *(.rela.gnu.linkonce.d*)

.rel.ctors
 *(.rel.ctors)

.rela.ctors
 *(.rela.ctors)

.rel.dtors
 *(.rel.dtors)

.rela.dtors
 *(.rela.dtors)

.rel.got
 *(.rel.got)

.rela.got
 *(.rela.got)

.rel.bss
 *(.rel.bss)

.rela.bss
 *(.rela.bss)

.rel.plt
 *(.rel.plt)

.rela.plt
 *(.rela.plt)

.text           0x00000000     0x4ca2
 *(.vectors)
 .vectors       0x00000000       0x68 c:/program files (x86)/atmel/atmel toolchain/avr8 gcc/native/3.4.1061/avr8-gnu-toolchain/bin/../lib/gcc/avr/4.8.1/../../../../avr/lib/avr5/crtm328p.o
                0x00000000                __vector_default
                0x00000000                __vectors
 *(.vectors)
 *(.progmem.gcc*)
 .progmem.gcc_fplib
                0x00000068       0x28 c:/program files (x86)/atmel/atmel toolchain/avr8 gcc/native/3.4.1061/avr8-gnu-toolchain/bin/../lib/gcc/avr/4.8.1/../../../../avr/lib/avr5\libm.a(exp.o)
 .progmem.gcc_fplib
                0x00000090       0x5a c:/program files (x86)/atmel/atmel toolchain/avr8 gcc/native/3.4.1061/avr8-gnu-toolchain/bin/../lib/gcc/avr/4.8.1/../../../../avr/lib/avr5\libm.a(log.o)
 .progmem.gcc_sw_table.u8g_dev_pb8v1_base_fn
                0x000000ea       0x68 ../../U8g/Debug\libU8g.a(u8g_pb8v1.o)
 .progmem.gcc_sw_table.u8g_dev_rot180_fn
                0x00000152       0x62 ../../U8g/Debug\libU8g.a(u8g_rot.o)
 .progmem.gcc_sw_table.u8g_com_atmega_hw_spi_fn
                0x000001b4        0xe ../../U8g/Debug\libU8g.a(u8g_com_atmega_hw_spi.o)
                0x000001c2                . = ALIGN (0x2)
                0x000001c2                __trampolines_start = .
 *(.trampolines)
 .trampolines   0x000001c2        0x0 linker stubs
 *(.trampolines*)
                0x000001c2                __trampolines_end = .
 *(.progmem*)
 .progmem.data.u8g_avr_port_P
                0x000001c2        0x8 ../../U8g/Debug\libU8g.a(u8g_com_io.o)
                0x000001c2                u8g_avr_port_P
 .progmem.data.u8g_avr_ddr_P
                0x000001ca        0x8 ../../U8g/Debug\libU8g.a(u8g_com_io.o)
                0x000001ca                u8g_avr_ddr_P
 .progmem.data.u8g_dev_ssd13xx_sleep_off
                0x000001d2        0xb ../../U8g/Debug\libU8g.a(u8g_dev_ssd1306_128x64.o)
 .progmem.data.u8g_dev_ssd13xx_sleep_on
                0x000001dd        0x9 ../../U8g/Debug\libU8g.a(u8g_dev_ssd1306_128x64.o)
 .progmem.data.u8g_dev_ssd1306_128x64_data_start
                0x000001e6        0x8 ../../U8g/Debug\libU8g.a(u8g_dev_ssd1306_128x64.o)
 .progmem.data.u8g_dev_ssd1306_128x64_adafruit2_init_seq
                0x000001ee       0x26 ../../U8g/Debug\libU8g.a(u8g_dev_ssd1306_128x64.o)
 .progmem.u8g_font_fur17
                0x00000214     0x1a8f ../../U8g/Debug\libU8g.a(u8g_font_data.o)
                0x00000214                u8g_font_fur17
 .progmem.u8g_font_7x13
                0x00001ca3      0x86d ../../U8g/Debug\libU8g.a(u8g_font_data.o)
                0x00001ca3                u8g_font_7x13
                0x00002510                . = ALIGN (0x2)
 *(.jumptables)
 *(.jumptables*)
 *(.lowtext)
 *(.lowtext*)
                0x00002510                __ctors_start = .
 *(.ctors)
 .ctors         0x00002510        0x2 UV.o
                0x00002512                __ctors_end = .
                0x00002512                __dtors_start = .
 *(.dtors)
                0x00002512                __dtors_end = .
 SORT(*)(.ctors)
 SORT(*)(.dtors)
 *(.init0)
 .init0         0x00002512        0x0 c:/program files (x86)/atmel/atmel toolchain/avr8 gcc/native/3.4.1061/avr8-gnu-toolchain/bin/../lib/gcc/avr/4.8.1/../../../../avr/lib/avr5/crtm328p.o
                0x00002512                __init
 *(.init0)
 *(.init1)
 *(.init1)
 *(.init2)
 .init2         0x00002512        0xc c:/program files (x86)/atmel/atmel toolchain/avr8 gcc/native/3.4.1061/avr8-gnu-toolchain/bin/../lib/gcc/avr/4.8.1/../../../../avr/lib/avr5/crtm328p.o
 *(.init2)
 *(.init3)
 *(.init3)
 *(.init4)
 .init4         0x0000251e       0x16 c:/program files (x86)/atmel/atmel toolchain/avr8 gcc/native/3.4.1061/avr8-gnu-toolchain/bin/../lib/gcc/avr/4.8.1/avr5\libgcc.a(_copy_data.o)
                0x0000251e                __do_copy_data
 .init4         0x00002534       0x10 c:/program files (x86)/atmel/atmel toolchain/avr8 gcc/native/3.4.1061/avr8-gnu-toolchain/bin/../lib/gcc/avr/4.8.1/avr5\libgcc.a(_clear_bss.o)
                0x00002534                __do_clear_bss
 *(.init4)
 *(.init5)
 *(.init5)
 *(.init6)
 .init6         0x00002544       0x16 c:/program files (x86)/atmel/atmel toolchain/avr8 gcc/native/3.4.1061/avr8-gnu-toolchain/bin/../lib/gcc/avr/4.8.1/avr5\libgcc.a(_ctors.o)
                0x00002544                __do_global_ctors
 *(.init6)
 *(.init7)
 *(.init7)
 *(.init8)
 *(.init8)
 *(.init9)
 .init9         0x0000255a        0x8 c:/program files (x86)/atmel/atmel toolchain/avr8 gcc/native/3.4.1061/avr8-gnu-toolchain/bin/../lib/gcc/avr/4.8.1/../../../../avr/lib/avr5/crtm328p.o
 *(.init9)
 *(.text)
 .text          0x00002562        0x4 c:/program files (x86)/atmel/atmel toolchain/avr8 gcc/native/3.4.1061/avr8-gnu-toolchain/bin/../lib/gcc/avr/4.8.1/../../../../avr/lib/avr5/crtm328p.o
                0x00002562                __vector_22
                0x00002562                __vector_1
                0x00002562                __vector_24
                0x00002562                __vector_12
                0x00002562                __bad_interrupt
                0x00002562                __vector_6
                0x00002562                __vector_3
                0x00002562                __vector_23
                0x00002562                __vector_25
                0x00002562                __vector_11
                0x00002562                __vector_13
                0x00002562                __vector_17
                0x00002562                __vector_19
                0x00002562                __vector_7
                0x00002562                __vector_5
                0x00002562                __vector_4
                0x00002562                __vector_9
                0x00002562                __vector_2
                0x00002562                __vector_21
                0x00002562                __vector_15
                0x00002562                __vector_8
                0x00002562                __vector_10
                0x00002562                __vector_16
                0x00002562                __vector_18
                0x00002562                __vector_20
                0x00002566                . = ALIGN (0x2)
 *(.text.*)
 .text._ZN8VEML6075C2Ev
                0x00002566        0x8 UV.o
                0x00002566                _ZN8VEML6075C2Ev
                0x00002566                _ZN8VEML6075C1Ev
 .text._ZN8VEML60756getUVAEv
                0x0000256e       0xe0 UV.o
                0x0000256e                _ZN8VEML60756getUVAEv
 .text._ZN8VEML60756getUVBEv
                0x0000264e       0xe0 UV.o
                0x0000264e                _ZN8VEML60756getUVBEv
 .text._ZN8VEML60756read16Eh
                0x0000272e      0x12c UV.o
                0x0000272e                _ZN8VEML60756read16Eh
 .text._ZN8VEML60754pollEv
                0x0000285a       0x46 UV.o
                0x0000285a                _ZN8VEML60754pollEv
 .text._ZN8VEML60758getDevIDEv
                0x000028a0        0x8 UV.o
                0x000028a0                _ZN8VEML60758getDevIDEv
 .text._ZN8VEML60757write16Ehj
                0x000028a8       0xda UV.o
                0x000028a8                _ZN8VEML60757write16Ehj
 .text._ZN8VEML60755beginEv
                0x00002982       0x26 UV.o
                0x00002982                _ZN8VEML60755beginEv
 .text._Z7reversePci
                0x000029a8       0x30 UV.o
                0x000029a8                _Z7reversePci
 .text._Z8intToStriPci
                0x000029d8       0x76 UV.o
                0x000029d8                _Z8intToStriPci
 .text._Z4ftoadPci
                0x00002a4e       0xda UV.o
                0x00002a4e                _Z4ftoadPci
 .text._Z20battery_full_markingv
                0x00002b28       0x32 UV.o
                0x00002b28                _Z20battery_full_markingv
 .text._Z20battery_half_markingv
                0x00002b5a       0x40 UV.o
                0x00002b5a                _Z20battery_half_markingv
 .text._Z19battery_low_markingv
                0x00002b9a       0x32 UV.o
                0x00002b9a                _Z19battery_low_markingv
 .text._Z9u8g_setupv
                0x00002bcc       0x30 UV.o
                0x00002bcc                _Z9u8g_setupv
 .text._Z12system_setupv
                0x00002bfc       0x30 UV.o
                0x00002bfc                _Z12system_setupv
 .text.main     0x00002c2c      0x5dc UV.o
                0x00002c2c                main
 .text.__vector_14
                0x00003208      0x1ac UV.o
                0x00003208                __vector_14
 .text._GLOBAL__sub_I_u8g
                0x000033b4        0xa UV.o
 .text.avr-libc.fplib
                0x000033be        0xa c:/program files (x86)/atmel/atmel toolchain/avr8 gcc/native/3.4.1061/avr8-gnu-toolchain/bin/../lib/gcc/avr/4.8.1/../../../../avr/lib/avr5\libm.a(addsf3.o)
                0x000033be                __subsf3
                0x000033c0                __addsf3
 .text.avr-libc.fplib
                0x000033c8       0xc0 c:/program files (x86)/atmel/atmel toolchain/avr8 gcc/native/3.4.1061/avr8-gnu-toolchain/bin/../lib/gcc/avr/4.8.1/../../../../avr/lib/avr5\libm.a(addsf3x.o)
                0x000033e2                __addsf3x
 .text.avr-libc.fplib
                0x00003488        0x8 c:/program files (x86)/atmel/atmel toolchain/avr8 gcc/native/3.4.1061/avr8-gnu-toolchain/bin/../lib/gcc/avr/4.8.1/../../../../avr/lib/avr5\libm.a(cmpsf2.o)
                0x00003488                __nesf2
                0x00003488                __eqsf2
                0x00003488                __cmpsf2
                0x00003488                __ltsf2
                0x00003488                __lesf2
 .text.avr-libc.fplib
                0x00003490        0x4 c:/program files (x86)/atmel/atmel toolchain/avr8 gcc/native/3.4.1061/avr8-gnu-toolchain/bin/../lib/gcc/avr/4.8.1/../../../../avr/lib/avr5\libm.a(divsf3.o)
                0x00003490                __divsf3
 .text.avr-libc.fplib
                0x00003494       0xcc c:/program files (x86)/atmel/atmel toolchain/avr8 gcc/native/3.4.1061/avr8-gnu-toolchain/bin/../lib/gcc/avr/4.8.1/../../../../avr/lib/avr5\libm.a(divsf3x.o)
                0x000034aa                __divsf3x
                0x000034ae                __divsf3_pse
 .text.avr-libc.fplib
                0x00003560        0xa c:/program files (x86)/atmel/atmel toolchain/avr8 gcc/native/3.4.1061/avr8-gnu-toolchain/bin/../lib/gcc/avr/4.8.1/../../../../avr/lib/avr5\libm.a(fixsfsi.o)
                0x00003560                __fixsfsi
 .text.avr-libc.fplib
                0x0000356a       0x58 c:/program files (x86)/atmel/atmel toolchain/avr8 gcc/native/3.4.1061/avr8-gnu-toolchain/bin/../lib/gcc/avr/4.8.1/../../../../avr/lib/avr5\libm.a(fixunssfsi.o)
                0x0000356a                __fixunssfsi
 .text.avr-libc.fplib
                0x000035c2       0x7a c:/program files (x86)/atmel/atmel toolchain/avr8 gcc/native/3.4.1061/avr8-gnu-toolchain/bin/../lib/gcc/avr/4.8.1/../../../../avr/lib/avr5\libm.a(floatsisf.o)
                0x000035c2                __floatunsisf
                0x000035c6                __floatsisf
 .text.avr-libc.fplib
                0x0000363c       0x48 c:/program files (x86)/atmel/atmel toolchain/avr8 gcc/native/3.4.1061/avr8-gnu-toolchain/bin/../lib/gcc/avr/4.8.1/../../../../avr/lib/avr5\libm.a(fp_cmp.o)
                0x0000363c                __fp_cmp
 .text.avr-libc.fplib
                0x00003684        0xc c:/program files (x86)/atmel/atmel toolchain/avr8 gcc/native/3.4.1061/avr8-gnu-toolchain/bin/../lib/gcc/avr/4.8.1/../../../../avr/lib/avr5\libm.a(fp_inf.o)
                0x00003684                __fp_inf
 .text.avr-libc.fplib
                0x00003690        0x6 c:/program files (x86)/atmel/atmel toolchain/avr8 gcc/native/3.4.1061/avr8-gnu-toolchain/bin/../lib/gcc/avr/4.8.1/../../../../avr/lib/avr5\libm.a(fp_nan.o)
                0x00003690                __fp_nan
 .text.avr-libc.fplib
                0x00003696        0xe c:/program files (x86)/atmel/atmel toolchain/avr8 gcc/native/3.4.1061/avr8-gnu-toolchain/bin/../lib/gcc/avr/4.8.1/../../../../avr/lib/avr5\libm.a(fp_pscA.o)
                0x00003696                __fp_pscA
 .text.avr-libc.fplib
                0x000036a4        0xe c:/program files (x86)/atmel/atmel toolchain/avr8 gcc/native/3.4.1061/avr8-gnu-toolchain/bin/../lib/gcc/avr/4.8.1/../../../../avr/lib/avr5\libm.a(fp_pscB.o)
                0x000036a4                __fp_pscB
 .text.avr-libc.fplib
                0x000036b2       0x22 c:/program files (x86)/atmel/atmel toolchain/avr8 gcc/native/3.4.1061/avr8-gnu-toolchain/bin/../lib/gcc/avr/4.8.1/../../../../avr/lib/avr5\libm.a(fp_round.o)
                0x000036b2                __fp_round
 .text.avr-libc.fplib
                0x000036d4       0x44 c:/program files (x86)/atmel/atmel toolchain/avr8 gcc/native/3.4.1061/avr8-gnu-toolchain/bin/../lib/gcc/avr/4.8.1/../../../../avr/lib/avr5\libm.a(fp_split3.o)
                0x000036d4                __fp_split3
                0x000036e4                __fp_splitA
 .text.avr-libc.fplib
                0x00003718        0xe c:/program files (x86)/atmel/atmel toolchain/avr8 gcc/native/3.4.1061/avr8-gnu-toolchain/bin/../lib/gcc/avr/4.8.1/../../../../avr/lib/avr5\libm.a(fp_zero.o)
                0x00003718                __fp_zero
                0x0000371a                __fp_szero
 .text.avr-libc.fplib
                0x00003726        0x8 c:/program files (x86)/atmel/atmel toolchain/avr8 gcc/native/3.4.1061/avr8-gnu-toolchain/bin/../lib/gcc/avr/4.8.1/../../../../avr/lib/avr5\libm.a(gesf2.o)
                0x00003726                __gesf2
                0x00003726                __gtsf2
 .text.avr-libc.fplib
                0x0000372e        0x4 c:/program files (x86)/atmel/atmel toolchain/avr8 gcc/native/3.4.1061/avr8-gnu-toolchain/bin/../lib/gcc/avr/4.8.1/../../../../avr/lib/avr5\libm.a(mulsf3.o)
                0x0000372e                __mulsf3
 .text.avr-libc.fplib
                0x00003732       0xc2 c:/program files (x86)/atmel/atmel toolchain/avr8 gcc/native/3.4.1061/avr8-gnu-toolchain/bin/../lib/gcc/avr/4.8.1/../../../../avr/lib/avr5\libm.a(mulsf3x.o)
                0x00003746                __mulsf3x
                0x0000374a                __mulsf3_pse
 .text.avr-libc.fplib
                0x000037f4       0x98 c:/program files (x86)/atmel/atmel toolchain/avr8 gcc/native/3.4.1061/avr8-gnu-toolchain/bin/../lib/gcc/avr/4.8.1/../../../../avr/lib/avr5\libm.a(pow.o)
                0x000037f4                pow
 .text.avr-libc.fplib
                0x0000388c       0x40 c:/program files (x86)/atmel/atmel toolchain/avr8 gcc/native/3.4.1061/avr8-gnu-toolchain/bin/../lib/gcc/avr/4.8.1/../../../../avr/lib/avr5\libm.a(round.o)
                0x0000388c                round
 .text.avr-libc.fplib
                0x000038cc       0x62 c:/program files (x86)/atmel/atmel toolchain/avr8 gcc/native/3.4.1061/avr8-gnu-toolchain/bin/../lib/gcc/avr/4.8.1/../../../../avr/lib/avr5\libm.a(exp.o)
                0x000038d6                exp
 .text.avr-libc.fplib
                0x0000392e       0x36 c:/program files (x86)/atmel/atmel toolchain/avr8 gcc/native/3.4.1061/avr8-gnu-toolchain/bin/../lib/gcc/avr/4.8.1/../../../../avr/lib/avr5\libm.a(fp_mintl.o)
                0x0000392e                __fp_mintl
 .text.avr-libc.fplib
                0x00003964       0x1c c:/program files (x86)/atmel/atmel toolchain/avr8 gcc/native/3.4.1061/avr8-gnu-toolchain/bin/../lib/gcc/avr/4.8.1/../../../../avr/lib/avr5\libm.a(fp_mpack.o)
                0x00003964                __fp_mpack
                0x00003968                __fp_mpack_finite
 .text.avr-libc.fplib
                0x00003980       0x4a c:/program files (x86)/atmel/atmel toolchain/avr8 gcc/native/3.4.1061/avr8-gnu-toolchain/bin/../lib/gcc/avr/4.8.1/../../../../avr/lib/avr5\libm.a(fp_powser.o)
                0x00003980                __fp_powser
 .text.avr-libc.fplib
                0x000039ca        0xe c:/program files (x86)/atmel/atmel toolchain/avr8 gcc/native/3.4.1061/avr8-gnu-toolchain/bin/../lib/gcc/avr/4.8.1/../../../../avr/lib/avr5\libm.a(inverse.o)
                0x000039ca                inverse
 .text.avr-libc.fplib
                0x000039d8       0x6c c:/program files (x86)/atmel/atmel toolchain/avr8 gcc/native/3.4.1061/avr8-gnu-toolchain/bin/../lib/gcc/avr/4.8.1/../../../../avr/lib/avr5\libm.a(ldexp.o)
                0x000039dc                ldexp
 .text.avr-libc.fplib
                0x00003a44       0x8a c:/program files (x86)/atmel/atmel toolchain/avr8 gcc/native/3.4.1061/avr8-gnu-toolchain/bin/../lib/gcc/avr/4.8.1/../../../../avr/lib/avr5\libm.a(log.o)
                0x00003a4e                log
 .text.avr-libc.fplib
                0x00003ace       0x66 c:/program files (x86)/atmel/atmel toolchain/avr8 gcc/native/3.4.1061/avr8-gnu-toolchain/bin/../lib/gcc/avr/4.8.1/../../../../avr/lib/avr5\libm.a(modf.o)
                0x00003ace                modf
                0x00003ace                modff
 .text.u8g_get_avr_io_ptr
                0x00003b34       0x2e ../../U8g/Debug\libU8g.a(u8g_com_io.o)
 .text.u8g_Pin  0x00003b62        0xa ../../U8g/Debug\libU8g.a(u8g_com_io.o)
                0x00003b62                u8g_Pin
 .text.u8g_SetPinOutput
                0x00003b6c       0x32 ../../U8g/Debug\libU8g.a(u8g_com_io.o)
                0x00003b6c                u8g_SetPinOutput
 .text.u8g_SetPinLevel
                0x00003b9e       0x64 ../../U8g/Debug\libU8g.a(u8g_com_io.o)
                0x00003b9e                u8g_SetPinLevel
 .text.u8g_SetPIOutput
                0x00003c02       0x12 ../../U8g/Debug\libU8g.a(u8g_com_io.o)
                0x00003c02                u8g_SetPIOutput
 .text.u8g_SetPILevel
                0x00003c14       0x14 ../../U8g/Debug\libU8g.a(u8g_com_io.o)
                0x00003c14                u8g_SetPILevel
 .text.u8g_Delay
                0x00003c28       0x16 ../../U8g/Debug\libU8g.a(u8g_delay.o)
                0x00003c28                u8g_Delay
 .text.u8g_dev_ssd1306_128x64_fn
                0x00003c3e       0xd0 ../../U8g/Debug\libU8g.a(u8g_dev_ssd1306_128x64.o)
                0x00003c3e                u8g_dev_ssd1306_128x64_fn
 .text.u8g_font_get_word
                0x00003d0e       0x18 ../../U8g/Debug\libU8g.a(u8g_font.o)
 .text.u8g_font_GetFormat
                0x00003d26        0x6 ../../U8g/Debug\libU8g.a(u8g_font.o)
 .text.u8g_font_GetFontGlyphStructureSize
                0x00003d2c       0x14 ../../U8g/Debug\libU8g.a(u8g_font.o)
 .text.u8g_font_calc_vref_font
                0x00003d40        0x4 ../../U8g/Debug\libU8g.a(u8g_font.o)
                0x00003d40                u8g_font_calc_vref_font
 .text.u8g_font_GetEncoding65Pos
                0x00003d44        0x8 ../../U8g/Debug\libU8g.a(u8g_font.o)
                0x00003d44                u8g_font_GetEncoding65Pos
 .text.u8g_font_GetEncoding97Pos
                0x00003d4c        0x8 ../../U8g/Debug\libU8g.a(u8g_font.o)
                0x00003d4c                u8g_font_GetEncoding97Pos
 .text.u8g_font_GetFontStartEncoding
                0x00003d54        0x8 ../../U8g/Debug\libU8g.a(u8g_font.o)
                0x00003d54                u8g_font_GetFontStartEncoding
 .text.u8g_font_GetFontEndEncoding
                0x00003d5c        0x8 ../../U8g/Debug\libU8g.a(u8g_font.o)
                0x00003d5c                u8g_font_GetFontEndEncoding
 .text.u8g_GetGlyph
                0x00003d64      0x1d2 ../../U8g/Debug\libU8g.a(u8g_font.o)
                0x00003d64                u8g_GetGlyph
 .text.u8g_draw_glyph
                0x00003f36       0xde ../../U8g/Debug\libU8g.a(u8g_font.o)
                0x00003f36                u8g_draw_glyph
 .text.u8g_DrawStr
                0x00004014       0x58 ../../U8g/Debug\libU8g.a(u8g_font.o)
                0x00004014                u8g_DrawStr
 .text.u8g_UpdateRefHeight
                0x0000406c       0xac ../../U8g/Debug\libU8g.a(u8g_font.o)
                0x0000406c                u8g_UpdateRefHeight
 .text.u8g_SetFontPosBaseline
                0x00004118        0xc ../../U8g/Debug\libU8g.a(u8g_font.o)
                0x00004118                u8g_SetFontPosBaseline
 .text.u8g_SetFont
                0x00004124       0x28 ../../U8g/Debug\libU8g.a(u8g_font.o)
                0x00004124                u8g_SetFont
 .text.u8g_init_data
                0x0000414c       0x54 ../../U8g/Debug\libU8g.a(u8g_ll_api.o)
 .text.u8g_call_dev_fn
                0x000041a0        0xa ../../U8g/Debug\libU8g.a(u8g_ll_api.o)
                0x000041a0                u8g_call_dev_fn
 .text.u8g_InitLL
                0x000041aa       0x40 ../../U8g/Debug\libU8g.a(u8g_ll_api.o)
                0x000041aa                u8g_InitLL
 .text.u8g_FirstPageLL
                0x000041ea       0x4c ../../U8g/Debug\libU8g.a(u8g_ll_api.o)
                0x000041ea                u8g_FirstPageLL
 .text.u8g_NextPageLL
                0x00004236       0x58 ../../U8g/Debug\libU8g.a(u8g_ll_api.o)
                0x00004236                u8g_NextPageLL
 .text.u8g_GetWidthLL
                0x0000428e       0x20 ../../U8g/Debug\libU8g.a(u8g_ll_api.o)
                0x0000428e                u8g_GetWidthLL
 .text.u8g_GetHeightLL
                0x000042ae       0x20 ../../U8g/Debug\libU8g.a(u8g_ll_api.o)
                0x000042ae                u8g_GetHeightLL
 .text.u8g_GetModeLL
                0x000042ce        0xc ../../U8g/Debug\libU8g.a(u8g_ll_api.o)
                0x000042ce                u8g_GetModeLL
 .text.u8g_UpdateDimension
                0x000042da       0x40 ../../U8g/Debug\libU8g.a(u8g_ll_api.o)
                0x000042da                u8g_UpdateDimension
 .text.u8g_Begin
                0x0000431a       0x24 ../../U8g/Debug\libU8g.a(u8g_ll_api.o)
                0x0000431a                u8g_Begin
 .text.u8g_InitHWSPI
                0x0000433e       0x3a ../../U8g/Debug\libU8g.a(u8g_ll_api.o)
                0x0000433e                u8g_InitHWSPI
 .text.u8g_FirstPage
                0x00004378        0xc ../../U8g/Debug\libU8g.a(u8g_ll_api.o)
                0x00004378                u8g_FirstPage
 .text.u8g_NextPage
                0x00004384       0x20 ../../U8g/Debug\libU8g.a(u8g_ll_api.o)
                0x00004384                u8g_NextPage
 .text.u8g_Draw8Pixel
                0x000043a4       0x24 ../../U8g/Debug\libU8g.a(u8g_ll_api.o)
                0x000043a4                u8g_Draw8Pixel
 .text.u8g_pb_Clear
                0x000043c8       0x20 ../../U8g/Debug\libU8g.a(u8g_pb.o)
                0x000043c8                u8g_pb_Clear
 .text.u8g_pb_IsYIntersection
                0x000043e8       0x2a ../../U8g/Debug\libU8g.a(u8g_pb.o)
                0x000043e8                u8g_pb_IsYIntersection
 .text.u8g_pb_GetPageBox
                0x00004412       0x20 ../../U8g/Debug\libU8g.a(u8g_pb.o)
                0x00004412                u8g_pb_GetPageBox
 .text.u8g_pb_Is8PixelVisible
                0x00004432       0x24 ../../U8g/Debug\libU8g.a(u8g_pb.o)
                0x00004432                u8g_pb_Is8PixelVisible
 .text.u8g_pb_WriteBuffer
                0x00004456       0x12 ../../U8g/Debug\libU8g.a(u8g_pb.o)
                0x00004456                u8g_pb_WriteBuffer
 .text.u8g_pb8v1_set_pixel
                0x00004468       0x3e ../../U8g/Debug\libU8g.a(u8g_pb8v1.o)
                0x00004468                u8g_pb8v1_set_pixel
 .text.u8g_pb8v1_SetPixel
                0x000044a6       0x2a ../../U8g/Debug\libU8g.a(u8g_pb8v1.o)
                0x000044a6                u8g_pb8v1_SetPixel
 .text.u8g_pb8v1_Set8PixelOpt2
                0x000044d0       0x74 ../../U8g/Debug\libU8g.a(u8g_pb8v1.o)
                0x000044d0                u8g_pb8v1_Set8PixelOpt2
 .text.u8g_dev_pb8v1_base_fn
                0x00004544       0xa0 ../../U8g/Debug\libU8g.a(u8g_pb8v1.o)
                0x00004544                u8g_dev_pb8v1_base_fn
 .text.u8g_draw_hline
                0x000045e4       0x8a ../../U8g/Debug\libU8g.a(u8g_rect.o)
                0x000045e4                u8g_draw_hline
 .text.u8g_draw_vline
                0x0000466e       0x8a ../../U8g/Debug\libU8g.a(u8g_rect.o)
                0x0000466e                u8g_draw_vline
 .text.u8g_DrawFrame
                0x000046f8       0x68 ../../U8g/Debug\libU8g.a(u8g_rect.o)
                0x000046f8                u8g_DrawFrame
 .text.u8g_draw_box
                0x00004760       0x34 ../../U8g/Debug\libU8g.a(u8g_rect.o)
                0x00004760                u8g_draw_box
 .text.u8g_DrawBox
                0x00004794       0x3a ../../U8g/Debug\libU8g.a(u8g_rect.o)
                0x00004794                u8g_DrawBox
 .text.u8g_dev_rot_dummy_fn
                0x000047ce        0x4 ../../U8g/Debug\libU8g.a(u8g_rot.o)
                0x000047ce                u8g_dev_rot_dummy_fn
 .text.u8g_dev_rot180_fn
                0x000047d2      0x11e ../../U8g/Debug\libU8g.a(u8g_rot.o)
                0x000047d2                u8g_dev_rot180_fn
 .text.u8g_SetRot180
                0x000048f0       0x32 ../../U8g/Debug\libU8g.a(u8g_rot.o)
                0x000048f0                u8g_SetRot180
 .text.u8g_state_dummy_cb
                0x00004922        0x2 ../../U8g/Debug\libU8g.a(u8g_state.o)
                0x00004922                u8g_state_dummy_cb
 .text.u8g_IsBBXIntersection
                0x00004924       0x64 ../../U8g/Debug\libU8g.a(u8g_clip.o)
                0x00004924                u8g_IsBBXIntersection
 .text.u8g_InitCom
                0x00004988       0x14 ../../U8g/Debug\libU8g.a(u8g_com_api.o)
                0x00004988                u8g_InitCom
 .text.u8g_SetChipSelect
                0x0000499c       0x14 ../../U8g/Debug\libU8g.a(u8g_com_api.o)
                0x0000499c                u8g_SetChipSelect
 .text.u8g_SetResetLow
                0x000049b0       0x16 ../../U8g/Debug\libU8g.a(u8g_com_api.o)
                0x000049b0                u8g_SetResetLow
 .text.u8g_SetResetHigh
                0x000049c6       0x16 ../../U8g/Debug\libU8g.a(u8g_com_api.o)
                0x000049c6                u8g_SetResetHigh
 .text.u8g_SetAddress
                0x000049dc       0x14 ../../U8g/Debug\libU8g.a(u8g_com_api.o)
                0x000049dc                u8g_SetAddress
 .text.u8g_WriteByte
                0x000049f0       0x14 ../../U8g/Debug\libU8g.a(u8g_com_api.o)
                0x000049f0                u8g_WriteByte
 .text.u8g_WriteSequence
                0x00004a04       0x10 ../../U8g/Debug\libU8g.a(u8g_com_api.o)
                0x00004a04                u8g_WriteSequence
 .text.u8g_WriteEscSeqP
                0x00004a14      0x100 ../../U8g/Debug\libU8g.a(u8g_com_api.o)
                0x00004a14                u8g_WriteEscSeqP
 .text.u8g_atmega_spi_out
                0x00004b14        0xc ../../U8g/Debug\libU8g.a(u8g_com_atmega_hw_spi.o)
 .text.u8g_com_atmega_hw_spi_fn
                0x00004b20       0xd6 ../../U8g/Debug\libU8g.a(u8g_com_atmega_hw_spi.o)
                0x00004b20                u8g_com_atmega_hw_spi_fn
 .text.u8g_page_First
                0x00004bf6        0xe ../../U8g/Debug\libU8g.a(u8g_page.o)
                0x00004bf6                u8g_page_First
 .text.u8g_page_Next
                0x00004c04       0x2c ../../U8g/Debug\libU8g.a(u8g_page.o)
                0x00004c04                u8g_page_Next
 .text.libgcc.div
                0x00004c30       0x28 c:/program files (x86)/atmel/atmel toolchain/avr8 gcc/native/3.4.1061/avr8-gnu-toolchain/bin/../lib/gcc/avr/4.8.1/avr5\libgcc.a(_divmodhi4.o)
                0x00004c30                _div
                0x00004c30                __divmodhi4
 .text.libgcc   0x00004c58        0xc c:/program files (x86)/atmel/atmel toolchain/avr8 gcc/native/3.4.1061/avr8-gnu-toolchain/bin/../lib/gcc/avr/4.8.1/avr5\libgcc.a(_tablejump.o)
                0x00004c58                __tablejump2__
                0x00004c5c                __tablejump__
 .text.libgcc.div
                0x00004c64       0x28 c:/program files (x86)/atmel/atmel toolchain/avr8 gcc/native/3.4.1061/avr8-gnu-toolchain/bin/../lib/gcc/avr/4.8.1/avr5\libgcc.a(_udivmodhi4.o)
                0x00004c64                __udivmodhi4
 .text.avr-libc
                0x00004c8c       0x12 c:/program files (x86)/atmel/atmel toolchain/avr8 gcc/native/3.4.1061/avr8-gnu-toolchain/bin/../lib/gcc/avr/4.8.1/../../../../avr/lib/avr5\libc.a(memcpy_P.o)
                0x00004c8c                memcpy_P
                0x00004c9e                . = ALIGN (0x2)
 *(.fini9)
 .fini9         0x00004c9e        0x0 c:/program files (x86)/atmel/atmel toolchain/avr8 gcc/native/3.4.1061/avr8-gnu-toolchain/bin/../lib/gcc/avr/4.8.1/avr5\libgcc.a(_exit.o)
                0x00004c9e                _exit
                0x00004c9e                exit
 *(.fini9)
 *(.fini8)
 *(.fini8)
 *(.fini7)
 *(.fini7)
 *(.fini6)
 *(.fini6)
 *(.fini5)
 *(.fini5)
 *(.fini4)
 *(.fini4)
 *(.fini3)
 *(.fini3)
 *(.fini2)
 *(.fini2)
 *(.fini1)
 *(.fini1)
 *(.fini0)
 .fini0         0x00004c9e        0x4 c:/program files (x86)/atmel/atmel toolchain/avr8 gcc/native/3.4.1061/avr8-gnu-toolchain/bin/../lib/gcc/avr/4.8.1/avr5\libgcc.a(_exit.o)
 *(.fini0)
                0x00004ca2                _etext = .

.data           0x00800100       0x3e load address 0x00004ca2
                0x00800100                PROVIDE (__data_start, .)
 *(.data)
 *(.data*)
 .data.PALE_INDEX_NAME
                0x00800100        0x8 UV.o
                0x00800100                PALE_INDEX_NAME
 .data.u8g_dev_ssd1306_128x64_hw_spi
                0x00800108        0x6 ../../U8g/Debug\libU8g.a(u8g_dev_ssd1306_128x64.o)
                0x00800108                u8g_dev_ssd1306_128x64_hw_spi
 .data.u8g_dev_ssd1306_128x64_hw_spi_pb
                0x0080010e        0x8 ../../U8g/Debug\libU8g.a(u8g_dev_ssd1306_128x64.o)
                0x0080010e                u8g_dev_ssd1306_128x64_hw_spi_pb
 .data.u8g_dev_rot
                0x00800116        0x6 ../../U8g/Debug\libU8g.a(u8g_rot.o)
                0x00800116                u8g_dev_rot
 *(.rodata)
 *(.rodata*)
 .rodata.str1.1
                0x0080011c       0x22 UV.o
                                 0x24 (size before relaxing)
 *(.gnu.linkonce.d*)
                0x0080013e                . = ALIGN (0x2)
                0x0080013e                _edata = .
                0x0080013e                PROVIDE (__data_end, .)

.bss            0x0080013e       0xf7
                0x0080013e                PROVIDE (__bss_start, .)
 *(.bss)
 *(.bss*)
 .bss.batterylevelcheck
                0x0080013e        0x1 UV.o
                0x0080013e                batterylevelcheck
 .bss.cmd_pulse
                0x0080013f        0x1 UV.o
                0x0080013f                cmd_pulse
 .bss.UV_t      0x00800140        0x4 UV.o
                0x00800140                UV_t
 .bss.UV_total  0x00800144        0x4 UV.o
                0x00800144                UV_total
 .bss.UVtot     0x00800148        0x4 UV.o
                0x00800148                UVtot
 .bss.UV        0x0080014c        0x4 UV.o
                0x0080014c                UV
 .bss.UVgah     0x00800150        0x4 UV.o
                0x00800150                UVgah
 .bss.UVB       0x00800154        0x4 UV.o
                0x00800154                UVB
 .bss.UVA       0x00800158        0x4 UV.o
                0x00800158                UVA
 .bss.bat       0x0080015c        0x4 UV.o
                0x0080015c                bat
 .bss.index     0x00800160        0x1 UV.o
                0x00800160                index
 .bss.timer_hours
                0x00800161        0x2 UV.o
                0x00800161                timer_hours
 .bss.timer_minutes
                0x00800163        0x2 UV.o
                0x00800163                timer_minutes
 .bss.timer_seconds
                0x00800165        0x2 UV.o
                0x00800165                timer_seconds
 .bss.battery_voltage_lvl
                0x00800167        0x2 UV.o
                0x00800167                battery_voltage_lvl
 .bss.timer_1h  0x00800169        0x2 UV.o
                0x00800169                timer_1h
 .bss.timer_1min
                0x0080016b        0x2 UV.o
                0x0080016b                timer_1min
 .bss.timer_1s  0x0080016d        0x2 UV.o
                0x0080016d                timer_1s
 .bss.testing_min
                0x0080016f        0x2 UV.o
                0x0080016f                testing_min
 .bss.veml6075  0x00800171        0xb UV.o
                0x00800171                veml6075
 .bss.error     0x0080017c        0x1 UV.o
                0x0080017c                error
 .bss.u8g       0x0080017d       0x37 UV.o
                0x0080017d                u8g
 .bss.u8g_dev_ssd1306_128x64_hw_spi_buf
                0x008001b4       0x80 ../../U8g/Debug\libU8g.a(u8g_dev_ssd1306_128x64.o)
                0x008001b4                u8g_dev_ssd1306_128x64_hw_spi_buf
 *(COMMON)
 COMMON         0x00800234        0x1 ../../U8g/Debug\libU8g.a(u8g_state.o)
                0x00800234                global_SREG_backup
                0x00800235                PROVIDE (__bss_end, .)
                0x00004ca2                __data_load_start = LOADADDR (.data)
                0x00004ce0                __data_load_end = (__data_load_start + SIZEOF (.data))

.noinit         0x00800235        0x0
                0x00800235                PROVIDE (__noinit_start, .)
 *(.noinit*)
                0x00800235                PROVIDE (__noinit_end, .)
                0x00800235                _end = .
                0x00800235                PROVIDE (__heap_start, .)

.eeprom         0x00810000        0x0
 *(.eeprom*)
                0x00810000                __eeprom_end = .

.fuse
 *(.fuse)
 *(.lfuse)
 *(.hfuse)
 *(.efuse)

.lock
 *(.lock*)

.signature
 *(.signature*)

.user_signatures
 *(.user_signatures*)

.stab
 *(.stab)

.stabstr
 *(.stabstr)

.stab.excl
 *(.stab.excl)

.stab.exclstr
 *(.stab.exclstr)

.stab.index
 *(.stab.index)

.stab.indexstr
 *(.stab.indexstr)

.comment        0x00000000       0x30
 *(.comment)
 .comment       0x00000000       0x30 UV.o
                                 0x31 (size before relaxing)
 .comment       0x00000000       0x31 ../../U8g/Debug\libU8g.a(u8g_com_io.o)
 .comment       0x00000000       0x31 ../../U8g/Debug\libU8g.a(u8g_delay.o)
 .comment       0x00000000       0x31 ../../U8g/Debug\libU8g.a(u8g_dev_ssd1306_128x64.o)
 .comment       0x00000000       0x31 ../../U8g/Debug\libU8g.a(u8g_font.o)
 .comment       0x00000000       0x31 ../../U8g/Debug\libU8g.a(u8g_font_data.o)
 .comment       0x00000000       0x31 ../../U8g/Debug\libU8g.a(u8g_ll_api.o)
 .comment       0x00000000       0x31 ../../U8g/Debug\libU8g.a(u8g_pb.o)
 .comment       0x00000000       0x31 ../../U8g/Debug\libU8g.a(u8g_pb8v1.o)
 .comment       0x00000000       0x31 ../../U8g/Debug\libU8g.a(u8g_rect.o)
 .comment       0x00000000       0x31 ../../U8g/Debug\libU8g.a(u8g_rot.o)
 .comment       0x00000000       0x31 ../../U8g/Debug\libU8g.a(u8g_state.o)
 .comment       0x00000000       0x31 ../../U8g/Debug\libU8g.a(u8g_clip.o)
 .comment       0x00000000       0x31 ../../U8g/Debug\libU8g.a(u8g_com_api.o)
 .comment       0x00000000       0x31 ../../U8g/Debug\libU8g.a(u8g_com_atmega_hw_spi.o)
 .comment       0x00000000       0x31 ../../U8g/Debug\libU8g.a(u8g_page.o)

.note.gnu.build-id
 *(.note.gnu.build-id)

.debug
 *(.debug)

.line
 *(.line)

.debug_srcinfo
 *(.debug_srcinfo)

.debug_sfnames
 *(.debug_sfnames)

.debug_aranges  0x00000000      0x7d8
 *(.debug_aranges)
 .debug_aranges
                0x00000000       0xd0 UV.o
 .debug_aranges
                0x000000d0       0x58 ../../U8g/Debug\libU8g.a(u8g_com_io.o)
 .debug_aranges
                0x00000128       0x30 ../../U8g/Debug\libU8g.a(u8g_delay.o)
 .debug_aranges
                0x00000158       0x40 ../../U8g/Debug\libU8g.a(u8g_dev_ssd1306_128x64.o)
 .debug_aranges
                0x00000198      0x260 ../../U8g/Debug\libU8g.a(u8g_font.o)
 .debug_aranges
                0x000003f8       0x18 ../../U8g/Debug\libU8g.a(u8g_font_data.o)
 .debug_aranges
                0x00000410      0x168 ../../U8g/Debug\libU8g.a(u8g_ll_api.o)
 .debug_aranges
                0x00000578       0x50 ../../U8g/Debug\libU8g.a(u8g_pb.o)
 .debug_aranges
                0x000005c8       0x48 ../../U8g/Debug\libU8g.a(u8g_pb8v1.o)
 .debug_aranges
                0x00000610       0x60 ../../U8g/Debug\libU8g.a(u8g_rect.o)
 .debug_aranges
                0x00000670       0x58 ../../U8g/Debug\libU8g.a(u8g_rot.o)
 .debug_aranges
                0x000006c8       0x30 ../../U8g/Debug\libU8g.a(u8g_state.o)
 .debug_aranges
                0x000006f8       0x20 ../../U8g/Debug\libU8g.a(u8g_clip.o)
 .debug_aranges
                0x00000718       0x68 ../../U8g/Debug\libU8g.a(u8g_com_api.o)
 .debug_aranges
                0x00000780       0x28 ../../U8g/Debug\libU8g.a(u8g_com_atmega_hw_spi.o)
 .debug_aranges
                0x000007a8       0x30 ../../U8g/Debug\libU8g.a(u8g_page.o)

.debug_pubnames
 *(.debug_pubnames)

.debug_info     0x00000000    0x11647
 *(.debug_info .gnu.linkonce.wi.*)
 .debug_info    0x00000000     0x1b20 UV.o
 .debug_info    0x00001b20      0x7d9 ../../U8g/Debug\libU8g.a(u8g_com_io.o)
 .debug_info    0x000022f9      0x134 ../../U8g/Debug\libU8g.a(u8g_delay.o)
 .debug_info    0x0000242d     0x15dc ../../U8g/Debug\libU8g.a(u8g_dev_ssd1306_128x64.o)
 .debug_info    0x00003a09     0x3757 ../../U8g/Debug\libU8g.a(u8g_font.o)
 .debug_info    0x00007160     0x3f84 ../../U8g/Debug\libU8g.a(u8g_font_data.o)
 .debug_info    0x0000b0e4     0x1b42 ../../U8g/Debug\libU8g.a(u8g_ll_api.o)
 .debug_info    0x0000cc26      0x878 ../../U8g/Debug\libU8g.a(u8g_pb.o)
 .debug_info    0x0000d49e      0x8e6 ../../U8g/Debug\libU8g.a(u8g_pb8v1.o)
 .debug_info    0x0000dd84      0xeee ../../U8g/Debug\libU8g.a(u8g_rect.o)
 .debug_info    0x0000ec72      0xd4e ../../U8g/Debug\libU8g.a(u8g_rot.o)
 .debug_info    0x0000f9c0      0x51f ../../U8g/Debug\libU8g.a(u8g_state.o)
 .debug_info    0x0000fedf      0x548 ../../U8g/Debug\libU8g.a(u8g_clip.o)
 .debug_info    0x00010427      0xa1b ../../U8g/Debug\libU8g.a(u8g_com_api.o)
 .debug_info    0x00010e42      0x661 ../../U8g/Debug\libU8g.a(u8g_com_atmega_hw_spi.o)
 .debug_info    0x000114a3      0x1a4 ../../U8g/Debug\libU8g.a(u8g_page.o)

.debug_abbrev   0x00000000     0x210a
 *(.debug_abbrev)
 .debug_abbrev  0x00000000      0x4e6 UV.o
 .debug_abbrev  0x000004e6      0x25b ../../U8g/Debug\libU8g.a(u8g_com_io.o)
 .debug_abbrev  0x00000741       0xb0 ../../U8g/Debug\libU8g.a(u8g_delay.o)
 .debug_abbrev  0x000007f1      0x1e9 ../../U8g/Debug\libU8g.a(u8g_dev_ssd1306_128x64.o)
 .debug_abbrev  0x000009da      0x443 ../../U8g/Debug\libU8g.a(u8g_font.o)
 .debug_abbrev  0x00000e1d       0x88 ../../U8g/Debug\libU8g.a(u8g_font_data.o)
 .debug_abbrev  0x00000ea5      0x3ad ../../U8g/Debug\libU8g.a(u8g_ll_api.o)
 .debug_abbrev  0x00001252      0x222 ../../U8g/Debug\libU8g.a(u8g_pb.o)
 .debug_abbrev  0x00001474      0x1da ../../U8g/Debug\libU8g.a(u8g_pb8v1.o)
 .debug_abbrev  0x0000164e      0x184 ../../U8g/Debug\libU8g.a(u8g_rect.o)
 .debug_abbrev  0x000017d2      0x21d ../../U8g/Debug\libU8g.a(u8g_rot.o)
 .debug_abbrev  0x000019ef      0x16c ../../U8g/Debug\libU8g.a(u8g_state.o)
 .debug_abbrev  0x00001b5b      0x16e ../../U8g/Debug\libU8g.a(u8g_clip.o)
 .debug_abbrev  0x00001cc9      0x19d ../../U8g/Debug\libU8g.a(u8g_com_api.o)
 .debug_abbrev  0x00001e66      0x1bf ../../U8g/Debug\libU8g.a(u8g_com_atmega_hw_spi.o)
 .debug_abbrev  0x00002025       0xe5 ../../U8g/Debug\libU8g.a(u8g_page.o)

.debug_line     0x00000000     0x245d
 *(.debug_line .debug_line.* .debug_line_end)
 .debug_line    0x00000000      0x4f6 UV.o
 .debug_line    0x000004f6      0x238 ../../U8g/Debug\libU8g.a(u8g_com_io.o)
 .debug_line    0x0000072e      0x160 ../../U8g/Debug\libU8g.a(u8g_delay.o)
 .debug_line    0x0000088e      0x175 ../../U8g/Debug\libU8g.a(u8g_dev_ssd1306_128x64.o)
 .debug_line    0x00000a03      0x983 ../../U8g/Debug\libU8g.a(u8g_font.o)
 .debug_line    0x00001386       0xac ../../U8g/Debug\libU8g.a(u8g_font_data.o)
 .debug_line    0x00001432      0x465 ../../U8g/Debug\libU8g.a(u8g_ll_api.o)
 .debug_line    0x00001897      0x16c ../../U8g/Debug\libU8g.a(u8g_pb.o)
 .debug_line    0x00001a03      0x179 ../../U8g/Debug\libU8g.a(u8g_pb8v1.o)
 .debug_line    0x00001b7c      0x1a6 ../../U8g/Debug\libU8g.a(u8g_rect.o)
 .debug_line    0x00001d22      0x1e8 ../../U8g/Debug\libU8g.a(u8g_rot.o)
 .debug_line    0x00001f0a       0xdf ../../U8g/Debug\libU8g.a(u8g_state.o)
 .debug_line    0x00001fe9       0xde ../../U8g/Debug\libU8g.a(u8g_clip.o)
 .debug_line    0x000020c7      0x197 ../../U8g/Debug\libU8g.a(u8g_com_api.o)
 .debug_line    0x0000225e      0x115 ../../U8g/Debug\libU8g.a(u8g_com_atmega_hw_spi.o)
 .debug_line    0x00002373       0xea ../../U8g/Debug\libU8g.a(u8g_page.o)

.debug_frame    0x00000000     0x1ad4
 *(.debug_frame)
 .debug_frame   0x00000000      0x310 UV.o
 .debug_frame   0x00000310       0xc8 ../../U8g/Debug\libU8g.a(u8g_com_io.o)
 .debug_frame   0x000003d8       0x44 ../../U8g/Debug\libU8g.a(u8g_delay.o)
 .debug_frame   0x0000041c      0x154 ../../U8g/Debug\libU8g.a(u8g_dev_ssd1306_128x64.o)
 .debug_frame   0x00000570      0x9c8 ../../U8g/Debug\libU8g.a(u8g_font.o)
 .debug_frame   0x00000f38      0x504 ../../U8g/Debug\libU8g.a(u8g_ll_api.o)
 .debug_frame   0x0000143c       0x98 ../../U8g/Debug\libU8g.a(u8g_pb.o)
 .debug_frame   0x000014d4       0xc8 ../../U8g/Debug\libU8g.a(u8g_pb8v1.o)
 .debug_frame   0x0000159c      0x21c ../../U8g/Debug\libU8g.a(u8g_rect.o)
 .debug_frame   0x000017b8      0x124 ../../U8g/Debug\libU8g.a(u8g_rot.o)
 .debug_frame   0x000018dc       0x44 ../../U8g/Debug\libU8g.a(u8g_state.o)
 .debug_frame   0x00001920       0x2c ../../U8g/Debug\libU8g.a(u8g_clip.o)
 .debug_frame   0x0000194c       0xec ../../U8g/Debug\libU8g.a(u8g_com_api.o)
 .debug_frame   0x00001a38       0x58 ../../U8g/Debug\libU8g.a(u8g_com_atmega_hw_spi.o)
 .debug_frame   0x00001a90       0x44 ../../U8g/Debug\libU8g.a(u8g_page.o)

.debug_str      0x00000000     0x3b56
 *(.debug_str)
 .debug_str     0x00000000      0x98f UV.o
                                0xa7f (size before relaxing)
 .debug_str     0x0000098f      0x1ae ../../U8g/Debug\libU8g.a(u8g_com_io.o)
                                0x46d (size before relaxing)
 .debug_str     0x00000b3d       0x47 ../../U8g/Debug\libU8g.a(u8g_delay.o)
                                0x17e (size before relaxing)
 .debug_str     0x00000b84      0x751 ../../U8g/Debug\libU8g.a(u8g_dev_ssd1306_128x64.o)
                                0xaec (size before relaxing)
 .debug_str     0x000012d5      0x75b ../../U8g/Debug\libU8g.a(u8g_font.o)
                                0xb2a (size before relaxing)
 .debug_str     0x00001a30     0x1a77 ../../U8g/Debug\libU8g.a(u8g_font_data.o)
                               0x1be1 (size before relaxing)
 .debug_str     0x000034a7      0x285 ../../U8g/Debug\libU8g.a(u8g_ll_api.o)
                                0x6a0 (size before relaxing)
 .debug_str     0x0000372c       0xa3 ../../U8g/Debug\libU8g.a(u8g_pb.o)
                                0x496 (size before relaxing)
 .debug_str     0x000037cf       0x9f ../../U8g/Debug\libU8g.a(u8g_pb8v1.o)
                                0x4ac (size before relaxing)
 .debug_str     0x0000386e       0x96 ../../U8g/Debug\libU8g.a(u8g_rect.o)
                                0x439 (size before relaxing)
 .debug_str     0x00003904       0xa8 ../../U8g/Debug\libU8g.a(u8g_rot.o)
                                0x45d (size before relaxing)
 .debug_str     0x000039ac       0x7f ../../U8g/Debug\libU8g.a(u8g_state.o)
                                0x3e3 (size before relaxing)
 .debug_str     0x00003a2b       0x32 ../../U8g/Debug\libU8g.a(u8g_clip.o)
                                0x3ac (size before relaxing)
 .debug_str     0x00003a5d       0x82 ../../U8g/Debug\libU8g.a(u8g_com_api.o)
                                0x469 (size before relaxing)
 .debug_str     0x00003adf       0x59 ../../U8g/Debug\libU8g.a(u8g_com_atmega_hw_spi.o)
                                0x40f (size before relaxing)
 .debug_str     0x00003b38       0x1e ../../U8g/Debug\libU8g.a(u8g_page.o)
                                0x1b7 (size before relaxing)

.debug_loc      0x00000000     0xbc5a
 *(.debug_loc)
 .debug_loc     0x00000000      0xce0 UV.o
 .debug_loc     0x00000ce0      0x3e6 ../../U8g/Debug\libU8g.a(u8g_com_io.o)
 .debug_loc     0x000010c6       0x66 ../../U8g/Debug\libU8g.a(u8g_delay.o)
 .debug_loc     0x0000112c      0x940 ../../U8g/Debug\libU8g.a(u8g_dev_ssd1306_128x64.o)
 .debug_loc     0x00001a6c     0x4b84 ../../U8g/Debug\libU8g.a(u8g_font.o)
 .debug_loc     0x000065f0     0x20dd ../../U8g/Debug\libU8g.a(u8g_ll_api.o)
 .debug_loc     0x000086cd      0x5b3 ../../U8g/Debug\libU8g.a(u8g_pb.o)
 .debug_loc     0x00008c80      0x777 ../../U8g/Debug\libU8g.a(u8g_pb8v1.o)
 .debug_loc     0x000093f7      0xf34 ../../U8g/Debug\libU8g.a(u8g_rect.o)
 .debug_loc     0x0000a32b      0xc45 ../../U8g/Debug\libU8g.a(u8g_rot.o)
 .debug_loc     0x0000af70       0x7d ../../U8g/Debug\libU8g.a(u8g_state.o)
 .debug_loc     0x0000afed      0x27d ../../U8g/Debug\libU8g.a(u8g_clip.o)
 .debug_loc     0x0000b26a      0x68a ../../U8g/Debug\libU8g.a(u8g_com_api.o)
 .debug_loc     0x0000b8f4      0x27a ../../U8g/Debug\libU8g.a(u8g_com_atmega_hw_spi.o)
 .debug_loc     0x0000bb6e       0xec ../../U8g/Debug\libU8g.a(u8g_page.o)

.debug_macinfo
 *(.debug_macinfo)

.debug_weaknames
 *(.debug_weaknames)

.debug_funcnames
 *(.debug_funcnames)

.debug_typenames
 *(.debug_typenames)

.debug_varnames
 *(.debug_varnames)

.debug_pubtypes
 *(.debug_pubtypes)

.debug_ranges   0x00000000      0x8e0
 *(.debug_ranges)
 .debug_ranges  0x00000000       0xe0 UV.o
 .debug_ranges  0x000000e0       0x48 ../../U8g/Debug\libU8g.a(u8g_com_io.o)
 .debug_ranges  0x00000128       0x20 ../../U8g/Debug\libU8g.a(u8g_delay.o)
 .debug_ranges  0x00000148       0x78 ../../U8g/Debug\libU8g.a(u8g_dev_ssd1306_128x64.o)
 .debug_ranges  0x000001c0      0x398 ../../U8g/Debug\libU8g.a(u8g_font.o)
 .debug_ranges  0x00000558      0x158 ../../U8g/Debug\libU8g.a(u8g_ll_api.o)
 .debug_ranges  0x000006b0       0x58 ../../U8g/Debug\libU8g.a(u8g_pb.o)
 .debug_ranges  0x00000708       0x38 ../../U8g/Debug\libU8g.a(u8g_pb8v1.o)
 .debug_ranges  0x00000740       0x50 ../../U8g/Debug\libU8g.a(u8g_rect.o)
 .debug_ranges  0x00000790       0x48 ../../U8g/Debug\libU8g.a(u8g_rot.o)
 .debug_ranges  0x000007d8       0x20 ../../U8g/Debug\libU8g.a(u8g_state.o)
 .debug_ranges  0x000007f8       0x28 ../../U8g/Debug\libU8g.a(u8g_clip.o)
 .debug_ranges  0x00000820       0x58 ../../U8g/Debug\libU8g.a(u8g_com_api.o)
 .debug_ranges  0x00000878       0x48 ../../U8g/Debug\libU8g.a(u8g_com_atmega_hw_spi.o)
 .debug_ranges  0x000008c0       0x20 ../../U8g/Debug\libU8g.a(u8g_page.o)

.debug_macro
 *(.debug_macro)
OUTPUT(UV.elf elf32-avr)
LOAD linker stubs
